<html>
<body>
<pre>
<h1>µVision Build Log</h1>
<h2>Project:</h2>
C:\Users\siva\Desktop\001_task_creation\002_task_creaton_with_parameters.uvproj
Project File Date:  09/19/2025

<h2>Output:</h2>
Rebuild target 'Target 1'
assembling Startup.s...
compiling list.c...
compiling queue.c...
C:\Keil\FreeRTOS_V9.0.0rc2\FreeRTOS\Source\queue.c(472): warning:  #177-D: function "prvInitialiseMutex" was declared but never referenced
  static void prvInitialiseMutex( Queue_t *pxNewQueue )
C:\Keil\FreeRTOS_V9.0.0rc2\FreeRTOS\Source\queue.c: 1 warning, 0 errors
compiling tasks.c...
compiling timers.c...
compiling port.c...
assembling portASM.s...
compiling heap_2.c...
compiling 002_task_creation_using_parameters.c...
linking...
Program Size: Code=10076 RO-data=32 RW-data=88 ZI-data=18232  
FromELF: creating hex file...
".\002_task_creaton_with_parameters.axf" - 0 Error(s), 1 Warning(s).
2_task_creaton_with_parameters.axf" - 1 Error(s), 1 Warning(s).
Target not created
error
compiling tasks.c...
..\FreeRTOS_V9.0.0rc2\FreeRTOS\Source\tasks.c(80): error:  #5: cannot open source input file "FreeRTOS.h": No such file or directory
  #include "FreeRTOS.h"
..\FreeRTOS_V9.0.0rc2\FreeRTOS\Source\tasks.c: 0 warnings, 1 error
compiling port.c...
..\FreeRTOS_V9.0.0rc2\FreeRTOS\Source\portable\RVDS\ARM7_LPC21xx\port.c(75): error:  #5: cannot open source input file "FreeRTOS.h": No such file or directory
  #include "FreeRTOS.h"
..\FreeRTOS_V9.0.0rc2\FreeRTOS\Source\portable\RVDS\ARM7_LPC21xx\port.c: 0 warnings, 1 error
assembling portASM.s...
compiling heap_2.c...
..\FreeRTOS_V9.0.0rc2\FreeRTOS\Source\portable\MemMang\heap_2.c(86): error:  #5: cannot open source input file "FreeRTOS.h": No such file or directory
  #include "FreeRTOS.h"
..\FreeRTOS_V9.0.0rc2\FreeRTOS\Source\portable\MemMang\heap_2.c: 0 warnings, 1 error
compiling 002_task_creation_using_parameters.c...
New folder\002_task_creation_using_parameters.c(2): error:  #5: cannot open source input file "FreeRTOS.h": No such file or directory
  #include "FreeRTOS.h"
New folder\002_task_creation_using_parameters.c: 0 warnings, 1 error
".\002_task_creaton_with_parameters.axf" - 7 Error(s), 0 Warning(s).
Target not created
