<html>
<body>
<pre>
<h1>µVision Build Log</h1>
<h2>Project:</h2>
C:\Users\siva\Desktop\008_rtc_with_time_display.uvproj
Project File Date:  09/17/2025

<h2>Output:</h2>
Rebuild target 'Target 1'
assembling Startup.s...
compiling 008_rtc_with_time_display.c...
linking...
Program Size: Code=2484 RO-data=116 RW-data=0 ZI-data=1256  
FromELF: creating hex file...
".\008_rtc_with_time_display.axf" - 0 Error(s), 0 Warning(s).
ode=2000 RO-data=16 RW-data=0 ZI-data=1256  
FromELF: creating hex file...
".\008_rtc_with_time_display.axf" - 0 Error(s), 1 Warning(s).
