<html>
<body>
<pre>
<h1>µVision Build Log</h1>
<h2>Project:</h2>
C:\Users\siva\Desktop\reciving_data_using_uart.uvproj
Project File Date:  09/12/2025

<h2>Output:</h2>
Rebuild target 'Target 1'
assembling Startup.s...
compiling reciving_data_using_uart.c...
linking...
Program Size: Code=864 RO-data=32 RW-data=4 ZI-data=1260  
FromELF: creating hex file...
".\reciving_data_using_uart.axf" - 0 Error(s), 0 Warning(s).

e: Code=592 RO-data=32 RW-data=4 ZI-data=1260  
".\reciving_data_using_uart.axf" - 0 Error(s), 1 Warning(s).
