<html>
<body>
<pre>
<h1>µVision Build Log</h1>
<h2>Project:</h2>
C:\Users\siva\Desktop\seven_segment.uvproj
Project File Date:  09/12/2025

<h2>Output:</h2>
Rebuild target 'Target 1'
assembling Startup.s...
compiling seven_segment.c...
linking...
Program Size: Code=864 RO-data=32 RW-data=12 ZI-data=1260  
FromELF: creating hex file...
".\seven_segment.axf" - 0 Error(s), 0 Warning(s).
efined
          for (int i = 0; i < 10; i++) {
seven_segment.c: 0 warnings, 2 errors
".\seven_segment.axf" - 2 Error(s), 0 Warning(s).
Target not created

ts here after previous syntax error
seven_segment.c: 1 warning, 3 errors
".\seven_segment.axf" - 3 Error(s), 1 Warning(s).
Target not created
