<html>
<body>
<pre>
<h1>µVision Build Log</h1>
<h2>Project:</h2>
C:\Users\siva\Desktop\keypad_lcd_interfacing.uvproj
Project File Date:  09/12/2025

<h2>Output:</h2>
Rebuild target 'Target 1'
assembling Startup.s...
compiling keypad_lcd_interfacing.c...
linking...
Program Size: Code=2784 RO-data=32 RW-data=16 ZI-data=1256  
FromELF: creating hex file...
".\keypad_lcd_interfacing.axf" - 0 Error(s), 0 Warning(s).
" is undefined
      for(int j = 0; j < i / 2; j++) {
keypad_lcd_interfacing.c: 0 warnings, 2 errors
".\keypad_lcd_interfacing.axf" - 2 Error(s), 0 Warning(s).
Target not created
to list image symbols.
Finished: 1 information, 0 warning and 1 error messages.
".\keypad_lcd_interfacing.axf" - 1 Error(s), 1 Warning(s).
Target not created
